// Jest Snapshot v1, https://goo.gl/fbAQLP

exports[`Home should match the snapshot 1`] = `
<View
  style={
    Object {
      "alignItems": "center",
      "backgroundColor": "#fff",
      "flex": 1,
      "justifyContent": "space-between",
      "paddingTop": 80.03999999999999,
    }
  }
>
  <ScrollViewMock>
    <View>
      <TextInput
        allowFontScaling={true}
        clearButtonMode="always"
        keyboardShouldPersistTaps="handled"
        onChangeText={[Function]}
        placeholder="Enter Medication"
        rejectResponderTermination={true}
        style={
          Object {
            "borderColor": "#D7D7D7",
            "borderRadius": 12,
            "borderWidth": 2,
            "fontSize": 15,
            "height": 50,
            "marginBottom": 35,
            "marginTop": 20,
            "width": 637.5,
          }
        }
        textAlign="center"
        underlineColorAndroid="transparent"
        value=""
      />
      <TouchableOpacity
        activeOpacity={0.2}
        onPress={[Function]}
        style={
          Object {
            "backgroundColor": "#FFF",
            "borderColor": "#3499AA",
            "borderRadius": 12,
            "borderWidth": 2,
            "marginBottom": 26.68,
            "overflow": "hidden",
            "padding": 12,
            "width": 637.5,
          }
        }
      >
        <Text
          style={
            Object {
              "color": "#3499AA",
              "fontSize": 18,
              "fontWeight": "bold",
              "textAlign": "center",
            }
          }
        >
          Find Generic Name
        </Text>
      </TouchableOpacity>
    </View>
  </ScrollViewMock>
  <Text
    style={
      Object {
        "color": "#000",
        "fontSize": 60,
        "marginBottom": 75,
        "textAlign": "center",
      }
    }
  >
    Enter medication to find generic name
  </Text>
  <Footer />
</View>
`;
